// Jest Snapshot v1, https://goo.gl/fbAQLP

exports[`<Profile /> 1`] = `
<div>
  <img
    alt="profile image"
    class="sc-bdVaJa biickM"
    src="/images/profile.jpg"
  />
</div>
`;
