// Jest Snapshot v1, https://goo.gl/fbAQLP

exports[`<WritingFeed /> 1`] = `
<div>
  <form
    class="sc-gzVnrw hxyAtP"
    enctype="multipart/form-data"
  >
    <div
      class="sc-htoDjs eXXuCg"
    >
      게시물 만들기
    </div>
    <div
      class="sc-gZMcBi eCVzxD"
    >
      <div
        class="sc-iwsKbI dYPrPu"
      >
        <div
          class="sc-VigVT jDRjwl"
        >
          <img
            alt="profile image"
            class="sc-bwzfXH hNFusQ"
            src="/images/profile.jpg"
          />
        </div>
        <textarea
          class="sc-gqjmRU ficjwu"
          placeholder="게시물 작성"
          style="height: 2px;"
        />
      </div>
      <div
        class="sc-iwsKbI dYPrPu"
      />
    </div>
    <input
      accept="image/*"
      class="sc-jTzLTM eFoXsh"
      id="upload"
      type="file"
    />
    <div
      class="sc-dnqmqq hitCSE"
    >
      <label
        class="sc-fjdhpX cvPITL"
        for="upload"
      >
        <svg
          class="sc-cSHVUG jgwGnI"
          fill="currentColor"
          height="1em"
          stroke="currentColor"
          stroke-width="0"
          viewBox="0 0 24 24"
          width="1em"
          xmlns="http://www.w3.org/2000/svg"
        >
          <path
            d="M21 3H3C2 3 1 4 1 5v14c0 1.1.9 2 2 2h18c1 0 2-1 2-2V5c0-1-1-2-2-2zM5 17l3.5-4.5 2.5 3.01L14.5 11l4.5 6H5z"
          />
        </svg>
        <span
          class="sc-jzJRlG iWvITD"
        >
          사진 업로드
        </span>
      </label>
      <button
        class="sc-bdVaJa lnkbBL"
      >
        게시
      </button>
    </div>
  </form>
</div>
`;
